Inconsistent printing system
Inconsistent printing system
