device
Office_Printer5
3
40
bw
12

job
89751
2
SergeDemeyer
scan

job
2189
3
anonymous_user

device
Office_Printer6
2
30
color

