Printer 'Office_Printer2' finished black-and-white job:
    Number: 1
    Submitted by 'SergeDemeyer'
    2 pages
