device
Office_Printer5
3
40

job
1
1
SergeDemeyer

compensation
Students 4 Climate
1234

