Printer 'Office_Printer1' finished color-printing job:
    Number: 1
    Submitted by 'SergeDemeyer'
    2 pages
Printer 'Office_Printer2' finished black and white printing job:
    Number: 4
    Submitted by 'anonymous_user'
    3 pages
Printer 'Office_Printer1' finished color-printing job:
    Number: 2
    Submitted by 'anonymous_user'
    3 pages
Printer 'Office_Printer1' finished color-printing job:
    Number: 3
    Submitted by 'anonymous_user'
    3 pages
